Γùç injected env (7) from .env.local // tip: Γîÿ suppress logs { quiet: true }
Γùç injected env (6) from .env // tip: Γùê encrypted .env [www.dotenvx.com]
≡ƒò╡∩╕Å Starting IDOR & Security Verification Tests...

≡ƒôè Verification Results:
ΓöîΓöÇΓöÇΓöÇΓöÇΓöÇΓöÇΓöÇΓöÇΓöÇΓö¼ΓöÇΓöÇΓöÇΓöÇΓöÇΓöÇΓöÇΓöÇΓöÇΓöÇΓöÇΓöÇΓöÇΓöÇΓöÇΓöÇΓöÇΓöÇΓöÇΓöÇΓöÇΓöÇΓöÇΓöÇΓöÇΓöÇΓöÇΓöÇΓöÇΓöÇΓöÇΓöÇΓöÇΓöÇΓöÇΓöÇΓöÇΓöÇΓöÇΓö¼ΓöÇΓöÇΓöÇΓöÇΓöÇΓöÇΓöÇΓöÇΓöÇΓöÇΓöÇΓöÇΓöÇΓöÇΓö¼ΓöÇΓöÇΓöÇΓöÇΓöÇΓöÇΓöÇΓöÇΓöÇΓöÇΓöÇΓöÇΓöÇΓöÇΓöÇΓöÇΓöÇΓöÇΓöÇΓöÇΓöÇΓöÇΓöÇΓöÇΓöÇΓöÇΓöÇΓöÇΓö¼ΓöÇΓöÇΓöÇΓöÇΓöÇΓöÇΓöÇΓöÇΓöÇΓöÉ
Γöé (index) Γöé ╪º┘ä╪º╪«╪¬╪¿╪º╪▒                              Γöé ┘à╪¬┘ê┘é╪╣        Γöé ┘ü╪╣┘ä┘è                       Γöé ╪º┘ä┘å╪¬┘è╪¼╪⌐ Γöé
Γö£ΓöÇΓöÇΓöÇΓöÇΓöÇΓöÇΓöÇΓöÇΓöÇΓö╝ΓöÇΓöÇΓöÇΓöÇΓöÇΓöÇΓöÇΓöÇΓöÇΓöÇΓöÇΓöÇΓöÇΓöÇΓöÇΓöÇΓöÇΓöÇΓöÇΓöÇΓöÇΓöÇΓöÇΓöÇΓöÇΓöÇΓöÇΓöÇΓöÇΓöÇΓöÇΓöÇΓöÇΓöÇΓöÇΓöÇΓöÇΓöÇΓöÇΓö╝ΓöÇΓöÇΓöÇΓöÇΓöÇΓöÇΓöÇΓöÇΓöÇΓöÇΓöÇΓöÇΓöÇΓöÇΓö╝ΓöÇΓöÇΓöÇΓöÇΓöÇΓöÇΓöÇΓöÇΓöÇΓöÇΓöÇΓöÇΓöÇΓöÇΓöÇΓöÇΓöÇΓöÇΓöÇΓöÇΓöÇΓöÇΓöÇΓöÇΓöÇΓöÇΓöÇΓöÇΓö╝ΓöÇΓöÇΓöÇΓöÇΓöÇΓöÇΓöÇΓöÇΓöÇΓöñ
Γöé 0       Γöé '[1] Cross-Tenant Case'               Γöé 'Empty/Null' Γöé 'Empty'                    Γöé 'Γ£à'    Γöé
Γöé 1       Γöé '[2] Cross-Tenant Invoice'            Γöé 'Isolated'   Γöé 'Tested via RLS'           Γöé 'Γ£à'    Γöé
Γöé 2       Γöé '[3] Private Document (shared=false)' Γöé 'Empty'      Γöé 'Empty'                    Γöé 'Γ£à'    Γöé
Γöé 3       Γöé '[4] Unauthorized Delete'             Γöé 'Blocked'    Γöé 'Error'                    Γöé 'Γ£à'    Γöé
Γöé 4       Γöé '[5] Role Self-Escalation'            Γöé '┘à╪¡╪º┘à┘è'      Γöé '┘à╪¡╪º┘à┘è'                    Γöé 'Γ£à'    Γöé
Γöé 5       Γöé '[6] Invalid/Expired JWT'             Γöé 'Error'      Γöé 'Blocked'                  Γöé 'Γ£à'    Γöé
Γöé 6       Γöé '[7] Fake JWT'                        Γöé 'Blocked'    Γöé 'Blocked by Supabase Auth' Γöé 'Γ£à'    Γöé
ΓööΓöÇΓöÇΓöÇΓöÇΓöÇΓöÇΓöÇΓöÇΓöÇΓö┤ΓöÇΓöÇΓöÇΓöÇΓöÇΓöÇΓöÇΓöÇΓöÇΓöÇΓöÇΓöÇΓöÇΓöÇΓöÇΓöÇΓöÇΓöÇΓöÇΓöÇΓöÇΓöÇΓöÇΓöÇΓöÇΓöÇΓöÇΓöÇΓöÇΓöÇΓöÇΓöÇΓöÇΓöÇΓöÇΓöÇΓöÇΓöÇΓöÇΓö┤ΓöÇΓöÇΓöÇΓöÇΓöÇΓöÇΓöÇΓöÇΓöÇΓöÇΓöÇΓöÇΓöÇΓöÇΓö┤ΓöÇΓöÇΓöÇΓöÇΓöÇΓöÇΓöÇΓöÇΓöÇΓöÇΓöÇΓöÇΓöÇΓöÇΓöÇΓöÇΓöÇΓöÇΓöÇΓöÇΓöÇΓöÇΓöÇΓöÇΓöÇΓöÇΓöÇΓöÇΓö┤ΓöÇΓöÇΓöÇΓöÇΓöÇΓöÇΓöÇΓöÇΓöÇΓöÿ

Γ£à All security verification tests passed successfully!
